---
source: state-chain/custom-rpc/src/tests.rs
expression: btc
---
{
  "source_asset": {
    "chain": "Bitcoin",
    "asset": "BTC"
  },
  "destination_asset": {
    "chain": "Solana",
    "asset": "SOL"
  },
  "destination_address": "8RMUMRxniKbs9kMDVb81RtWoLNz2zesz3JQLRZXZc5kh",
  "broker_commission": 100,
  "extra_parameters": {
    "chain": "Bitcoin",
    "min_output_amount": 100000000,
    "retry_duration": 100
  },
  "channel_metadata": {
    "message": "00010203",
    "gas_budget": "0x64",
    "ccm_additional_data": "05060708"
  },
  "boost_fee": 100,
  "affiliate_fees": [
    {
      "account": "5C62Ck4UrFPiBtoCmeSrgF7x9yv9mn38446dhCpsi2mLHiFT",
      "bps": 100
    }
  ],
  "dca_parameters": {
    "number_of_chunks": 100,
    "chunk_interval": 10
  }
}
