---
source: state-chain/custom-rpc/src/tests.rs
expression: config
---
{
  "ltv_thresholds": {
    "target": 750000,
    "topup": 800000,
    "soft_liquidation": 900000,
    "soft_liquidation_abort": 880000,
    "hard_liquidation": 950000,
    "hard_liquidation_abort": 930000,
    "low_ltv": 500000
  },
  "network_fee_contributions": {
    "extra_interest": 10000,
    "from_origination_fee": 200000,
    "from_liquidation_fee": 300000,
    "interest_on_collateral_max": 500000
  },
  "fee_swap_interval_blocks": 10,
  "interest_payment_interval_blocks": 15,
  "fee_swap_threshold_usd": "0x1312d00",
  "interest_collection_threshold_usd": "0x1e8480",
  "liquidation_swap_chunk_size_usd": "0x12a05f200",
  "soft_liquidation_max_oracle_slippage": 50,
  "hard_liquidation_max_oracle_slippage": 500,
  "fee_swap_max_oracle_slippage": 50,
  "minimum_loan_amount_usd": 100000,
  "minimum_update_loan_amount_usd": 50000,
  "minimum_update_collateral_amount_usd": 25000
}
