---
source: state-chain/custom-rpc/src/lib.rs
expression: val
---
{
  "ethereum_vault": "0xb7a5bd0345ef1cc5e66bf61bdec17d2461fbd968",
  "arbitrum_vault": "0xb7a5bd0345ef1cc5e66bf61bdec17d2461fbd968",
  "bitcoin_vault": {
    "previous": "bcrt1p3cexjsg0qgwp6cqvmdk7fs5fus9k2kht3aesfel6r5muxwftqaas3ppc90",
    "current": "bcrt1p3cexjsg0qgwp6cqvmdk7fs5fus9k2kht3aesfel6r5muxwftqaas3ppc90"
  },
  "bitcoin_deposit_addresses": {
    "5C62Ck4UrFPiBtoCmeSrgF7x9yv9mn38446dhCpsi2mLHiFT": {
      "previous": "bcrt1p3cexjsg0qgwp6cqvmdk7fs5fus9k2kht3aesfel6r5muxwftqaas3ppc90",
      "current": "bcrt1p3cexjsg0qgwp6cqvmdk7fs5fus9k2kht3aesfel6r5muxwftqaas3ppc90"
    }
  }
}
