---
source: state-chain/custom-rpc/src/tests.rs
expression: val
---
{
  "chain_accounts": [
    [
      {
        "Eth": [
          1,
          1,
          1,
          1,
          1,
          1,
          1,
          1,
          1,
          1,
          1,
          1,
          1,
          1,
          1,
          1,
          1,
          1,
          1,
          1
        ]
      },
      {
        "chain": "Ethereum",
        "asset": "ETH"
      }
    ],
    [
      {
        "Dot": [
          2,
          2,
          2,
          2,
          2,
          2,
          2,
          2,
          2,
          2,
          2,
          2,
          2,
          2,
          2,
          2,
          2,
          2,
          2,
          2,
          2,
          2,
          2,
          2,
          2,
          2,
          2,
          2,
          2,
          2,
          2,
          2
        ]
      },
      {
        "chain": "Polkadot",
        "asset": "DOT"
      }
    ],
    [
      {
        "Btc": [
          98,
          99,
          114,
          116,
          49,
          113,
          113,
          118,
          112,
          115,
          120,
          113,
          99,
          114,
          113,
          118,
          112,
          115,
          120,
          113,
          99,
          114,
          113,
          118,
          112,
          115,
          120,
          113,
          99,
          114,
          113,
          118,
          112,
          115,
          120,
          113,
          99,
          114,
          117,
          106,
          54,
          48,
          121,
          117
        ]
      },
      {
        "chain": "Bitcoin",
        "asset": "BTC"
      }
    ],
    [
      {
        "Btc": [
          98,
          99,
          114,
          116,
          49,
          112,
          113,
          115,
          122,
          113,
          103,
          112,
          113,
          121,
          113,
          115,
          122,
          113,
          103,
          112,
          113,
          121,
          113,
          115,
          122,
          113,
          103,
          112,
          113,
          121,
          113,
          115,
          122,
          113,
          103,
          112,
          113,
          121,
          113,
          115,
          122,
          113,
          103,
          112,
          113,
          121,
          113,
          115,
          122,
          113,
          103,
          112,
          113,
          121,
          113,
          115,
          122,
          113,
          56,
          116,
          52,
          102,
          100,
          112
        ]
      },
      {
        "chain": "Bitcoin",
        "asset": "BTC"
      }
    ],
    [
      {
        "Arb": [
          5,
          5,
          5,
          5,
          5,
          5,
          5,
          5,
          5,
          5,
          5,
          5,
          5,
          5,
          5,
          5,
          5,
          5,
          5,
          5
        ]
      },
      {
        "chain": "Arbitrum",
        "asset": "ETH"
      }
    ],
    [
      {
        "Sol": [
          6,
          6,
          6,
          6,
          6,
          6,
          6,
          6,
          6,
          6,
          6,
          6,
          6,
          6,
          6,
          6,
          6,
          6,
          6,
          6,
          6,
          6,
          6,
          6,
          6,
          6,
          6,
          6,
          6,
          6,
          6,
          6
        ]
      },
      {
        "chain": "Solana",
        "asset": "SOL"
      }
    ],
    [
      {
        "Hub": [
          7,
          7,
          7,
          7,
          7,
          7,
          7,
          7,
          7,
          7,
          7,
          7,
          7,
          7,
          7,
          7,
          7,
          7,
          7,
          7,
          7,
          7,
          7,
          7,
          7,
          7,
          7,
          7,
          7,
          7,
          7,
          7
        ]
      },
      {
        "chain": "Assethub",
        "asset": "DOT"
      }
    ]
  ]
}
