---
source: state-chain/custom-rpc/src/tests.rs
expression: config
---
{
  "ltv_thresholds": {
    "minimum": "200000000",
    "target": "750000000",
    "topup": "800000000",
    "soft_liquidation": "900000000",
    "soft_liquidation_abort": "880000000",
    "hard_liquidation": "950000000",
    "hard_liquidation_abort": "930000000"
  },
  "network_fee_contributions": {
    "from_interest": 10,
    "from_origination_fee": 20,
    "from_liquidation_fee": 30
  },
  "fee_swap_interval_blocks": 10,
  "interest_payment_interval_blocks": 15,
  "fee_swap_threshold_usd": "0x1312d00",
  "soft_liquidation_max_oracle_slippage": 50,
  "hard_liquidation_max_oracle_slippage": 500,
  "fee_swap_max_oracle_slippage": 50
}
