---
source: state-chain/custom-rpc/src/tests.rs
expression: val
---
{
  "chain_accounts": [
    {
      "Eth": [
        1,
        1,
        1,
        1,
        1,
        1,
        1,
        1,
        1,
        1,
        1,
        1,
        1,
        1,
        1,
        1,
        1,
        1,
        1,
        1
      ]
    },
    {
      "Dot": [
        2,
        2,
        2,
        2,
        2,
        2,
        2,
        2,
        2,
        2,
        2,
        2,
        2,
        2,
        2,
        2,
        2,
        2,
        2,
        2,
        2,
        2,
        2,
        2,
        2,
        2,
        2,
        2,
        2,
        2,
        2,
        2
      ]
    },
    {
      "Btc": [
        98,
        99,
        114,
        116,
        49,
        113,
        113,
        118,
        112,
        115,
        120,
        113,
        99,
        114,
        113,
        118,
        112,
        115,
        120,
        113,
        99,
        114,
        113,
        118,
        112,
        115,
        120,
        113,
        99,
        114,
        113,
        118,
        112,
        115,
        120,
        113,
        99,
        114,
        117,
        106,
        54,
        48,
        121,
        117
      ]
    },
    {
      "Btc": [
        98,
        99,
        114,
        116,
        49,
        112,
        113,
        115,
        122,
        113,
        103,
        112,
        113,
        121,
        113,
        115,
        122,
        113,
        103,
        112,
        113,
        121,
        113,
        115,
        122,
        113,
        103,
        112,
        113,
        121,
        113,
        115,
        122,
        113,
        103,
        112,
        113,
        121,
        113,
        115,
        122,
        113,
        103,
        112,
        113,
        121,
        113,
        115,
        122,
        113,
        103,
        112,
        113,
        121,
        113,
        115,
        122,
        113,
        56,
        116,
        52,
        102,
        100,
        112
      ]
    },
    {
      "Arb": [
        5,
        5,
        5,
        5,
        5,
        5,
        5,
        5,
        5,
        5,
        5,
        5,
        5,
        5,
        5,
        5,
        5,
        5,
        5,
        5
      ]
    },
    {
      "Sol": [
        6,
        6,
        6,
        6,
        6,
        6,
        6,
        6,
        6,
        6,
        6,
        6,
        6,
        6,
        6,
        6,
        6,
        6,
        6,
        6,
        6,
        6,
        6,
        6,
        6,
        6,
        6,
        6,
        6,
        6,
        6,
        6
      ]
    },
    {
      "Hub": [
        7,
        7,
        7,
        7,
        7,
        7,
        7,
        7,
        7,
        7,
        7,
        7,
        7,
        7,
        7,
        7,
        7,
        7,
        7,
        7,
        7,
        7,
        7,
        7,
        7,
        7,
        7,
        7,
        7,
        7,
        7,
        7
      ]
    }
  ]
}
