---
source: state-chain/custom-rpc/src/lib.rs
expression: "serde_json::to_value(RpcSwapOutputV2\n{\n    output: 1_000_000_000_000_000_000u128.into(), swap_input:\n    1_000_000_000_000u128.into(), intermediary: Some(1_000_000u128.into()),\n    network_fee: RpcFee { asset: Asset::Usdc, amount: 1_000u128.into() },\n    ingress_fee: RpcFee { asset: Asset::Flip, amount: 500u128.into() },\n    egress_fee: RpcFee { asset: Asset::Eth, amount: 1_000_000u128.into() },\n    broker_commission: RpcFee { asset: Asset::Usdc, amount: 100u128.into() },\n    boost_fee: RpcFee { asset: Asset::Flip, amount: 1_250u128.into() },\n}).unwrap()"
snapshot_kind: text
---
{"boost_fee":{"amount":"0x4e2","asset":"FLIP","chain":"Ethereum"},"broker_commission":{"amount":"0x64","asset":"USDC","chain":"Ethereum"},"egress_fee":{"amount":"0xf4240","asset":"ETH","chain":"Ethereum"},"ingress_fee":{"amount":"0x1f4","asset":"FLIP","chain":"Ethereum"},"intermediary":"0xf4240","network_fee":{"amount":"0x3e8","asset":"USDC","chain":"Ethereum"},"output":"0xde0b6b3a7640000","swap_input":"0xe8d4a51000"}
