---
source: state-chain/custom-rpc/src/tests.rs
expression: value
---
{
  "managed_validators": {
    "5CT5jwBEAhveEjgiSCQbkaKcKcUyF3VJ8qNXM9rXsuQyn3Kd": "0xf4240",
    "5CqTdCcXCC7kv1Nwq2sCeJUNVqxbBPXjMAUXrbhRJtrUiyPP": "0x1e8480"
  },
  "settings": {
    "fee_bps": 2000,
    "delegation_acceptance": "Deny"
  },
  "allowed": [
    "5CT5jwBEAhveEjgiSCQbkaKcKcUyF3VJ8qNXM9rXsuQyn3Kd",
    "5CqTdCcXCC7kv1Nwq2sCeJUNVqxbBPXjMAUXrbhRJtrUiyPP",
    "5DDqWU3pDgJsbH5BDsKoY2d8g5SD7jaAZVaYN3YJjtHygLwZ",
    "5DcDPjV7FAVzGYmQchnQRkmtrJuq45cbmpgYsVPCAsjUdVG4"
  ],
  "delegators": {
    "5DDqWU3pDgJsbH5BDsKoY2d8g5SD7jaAZVaYN3YJjtHygLwZ": "0x7a120",
    "5DcDPjV7FAVzGYmQchnQRkmtrJuq45cbmpgYsVPCAsjUdVG4": "0x16e360"
  }
}
