---
source: state-chain/custom-rpc/src/tests.rs
expression: val
---
[
  {
    "account_id": "5C62Ck4UrFPiBtoCmeSrgF7x9yv9mn38446dhCpsi2mLHiFT",
    "channel_action_type": "LiquidityProvision",
    "deposit_channels": {
      "chain_accounts": [
        {
          "Eth": [
            1,
            1,
            1,
            1,
            1,
            1,
            1,
            1,
            1,
            1,
            1,
            1,
            1,
            1,
            1,
            1,
            1,
            1,
            1,
            1
          ]
        }
      ]
    }
  },
  {
    "account_id": "5C62Ck4UrFPiBtoCmeSrgF7x9yv9mn38446dhCpsi2mLHiFT",
    "channel_action_type": "Swap",
    "deposit_channels": {
      "chain_accounts": [
        {
          "Sol": [
            2,
            2,
            2,
            2,
            2,
            2,
            2,
            2,
            2,
            2,
            2,
            2,
            2,
            2,
            2,
            2,
            2,
            2,
            2,
            2,
            2,
            2,
            2,
            2,
            2,
            2,
            2,
            2,
            2,
            2,
            2,
            2
          ]
        }
      ]
    }
  },
  {
    "account_id": "5C62Ck4UrFPiBtoCmeSrgF7x9yv9mn38446dhCpsi2mLHiFT",
    "channel_action_type": "Refund",
    "deposit_channels": {
      "chain_accounts": [
        {
          "Eth": [
            1,
            1,
            1,
            1,
            1,
            1,
            1,
            1,
            1,
            1,
            1,
            1,
            1,
            1,
            1,
            1,
            1,
            1,
            1,
            1
          ]
        }
      ]
    }
  }
]
