---
source: state-chain/custom-rpc/src/lib.rs
expression: "serde_json::to_value(env).unwrap()"
---
{"funding":{"minimum_funding_amount":0,"redemption_tax":0},"ingress_egress":{"minimum_deposit_amounts":{"Bitcoin":{"Btc":0},"Ethereum":{"Eth":0,"Flip":"0xffffffffffffffff","Usdc":"0x7ffffffffffffffe"}}},"pools":{"fees":{"Ethereum":{"Flip":{"limit_order_fee_hundredth_pips":0,"pair_asset":{"asset":"Usdc","chain":"Ethereum"},"range_order_fee_hundredth_pips":100}}}},"swapping":{"minimum_swap_amounts":{"Bitcoin":{"Btc":0},"Ethereum":{"Eth":0,"Flip":"0xffffffffffffffff","Usdc":"0x7ffffffffffffffe"}}}}
