---
source: state-chain/custom-rpc/src/tests/before_v7/account_info.rs
expression: "serde_json::to_value(RpcAccountInfoBeforeV7::unregistered(0,\nany::AssetMap::default())).unwrap()"
---
{"asset_balances":{"Arbitrum":{"ETH":"0x0","USDC":"0x0"},"Assethub":{"DOT":"0x0","USDC":"0x0","USDT":"0x0"},"Bitcoin":{"BTC":"0x0"},"Ethereum":{"ETH":"0x0","FLIP":"0x0","USDC":"0x0","USDT":"0x0","WBTC":"0x0"},"Polkadot":{"DOT":"0x0"},"Solana":{"SOL":"0x0","USDC":"0x0"}},"flip_balance":"0x0","role":"unregistered"}
